2025-10-24 17:58:03 - POST /api/orders 201 156ms
2025-10-24 17:58:03 - PUT /api/users/123 200 67ms
2025-10-24 17:58:03 - DELETE /api/sessions 200 89ms
2025-10-24 17:58:04 - DELETE /api/sessions 200 89ms
2025-10-24 17:58:04 - GET /api/health 200 12ms
2025-10-24 17:58:04 - POST /api/orders 201 156ms
2025-10-24 17:58:04 - PUT /api/users/123 200 67ms
2025-10-24 17:58:04 - GET /api/products 200 23ms
2025-10-24 17:58:04 - GET /api/users 200 45ms
2025-10-24 17:58:04 - GET /api/health 200 12ms
2025-10-24 17:58:04 - PUT /api/users/123 200 67ms
2025-10-24 17:58:04 - FATAL: Kernel panic - not syncing
2025-10-24 17:58:04 - POST /api/login 200 120ms
2025-10-24 17:58:05 - PUT /api/users/123 200 67ms
2025-10-24 17:58:05 - GET /api/users 200 45ms
2025-10-24 17:58:05 - PUT /api/users/123 200 67ms
2025-10-24 17:58:05 - GET /api/users 200 45ms
2025-10-24 17:58:05 - DELETE /api/sessions 200 89ms
2025-10-24 17:58:05 - POST /api/login 200 120ms
2025-10-24 17:58:05 - POST /api/login 200 120ms
2025-10-24 17:58:05 - GET /api/health 200 12ms
2025-10-24 17:58:05 - PUT /api/users/123 200 67ms
2025-10-24 17:58:05 - POST /api/login 200 120ms
2025-10-24 17:58:06 - DELETE /api/sessions 200 89ms
2025-10-24 17:58:06 - POST /api/orders 201 156ms
2025-10-24 17:58:06 - CRITICAL: Database connection pool exhausted
2025-10-24 17:58:06 - POST /api/orders 201 156ms
2025-10-24 17:58:06 - PUT /api/users/123 200 67ms
2025-10-24 17:58:06 - DELETE /api/sessions 200 89ms
2025-10-24 17:58:06 - POST /api/login 200 120ms
2025-10-24 17:58:06 - POST /api/login 200 120ms
2025-10-24 17:58:06 - GET /api/health 200 12ms
2025-10-24 17:58:06 - POST /api/login 200 120ms
2025-10-24 17:58:07 - POST /api/login 200 120ms
2025-10-24 17:58:07 - GET /api/health 200 12ms
2025-10-24 17:58:07 - POST /api/login 200 120ms
2025-10-24 17:58:07 - DELETE /api/sessions 200 89ms
2025-10-24 17:58:07 - DELETE /api/sessions 200 89ms
2025-10-24 17:58:07 - PUT /api/users/123 200 67ms
2025-10-24 17:58:07 - GET /api/users 200 45ms
2025-10-24 17:58:07 - GET /api/users 200 45ms
2025-10-24 17:58:07 - GET /api/products 200 23ms
2025-10-24 17:58:07 - DELETE /api/sessions 200 89ms
2025-10-24 17:58:08 - GET /api/products 200 23ms
2025-10-24 17:58:08 - PUT /api/users/123 200 67ms
2025-10-24 17:58:08 - POST /api/login 200 120ms
2025-10-24 17:58:08 - GET /api/health 200 12ms
2025-10-24 17:58:08 - GET /api/products 200 23ms
2025-10-24 17:58:08 - POST /api/orders 201 156ms
2025-10-24 17:58:08 - GET /api/users 200 45ms
2025-10-24 17:58:08 - DELETE /api/sessions 200 89ms
2025-10-24 17:58:08 - GET /api/users 200 45ms
2025-10-24 17:58:08 - DELETE /api/sessions 200 89ms
2025-10-24 17:58:09 - GET /api/users 200 45ms
2025-10-24 17:58:09 - GET /api/products 200 23ms
2025-10-24 17:58:09 - DELETE /api/sessions 200 89ms
2025-10-24 17:58:09 - GET /api/users 200 45ms
2025-10-24 17:58:09 - GET /api/health 200 12ms
2025-10-24 17:58:09 - DELETE /api/sessions 200 89ms
2025-10-24 17:58:09 - GET /api/users 200 45ms
2025-10-24 17:58:09 - GET /api/products 200 23ms
2025-10-24 17:58:09 - DELETE /api/sessions 200 89ms
2025-10-24 17:58:09 - POST /api/login 200 120ms
2025-10-24 17:58:10 - GET /api/health 200 12ms
2025-10-24 17:58:10 - GET /api/health 200 12ms
2025-10-24 17:58:10 - POST /api/orders 201 156ms
2025-10-24 17:58:10 - GET /api/health 200 12ms
2025-10-24 17:58:10 - PUT /api/users/123 200 67ms
2025-10-24 17:58:10 - DELETE /api/sessions 200 89ms
2025-10-24 17:58:10 - DELETE /api/sessions 200 89ms
2025-10-24 17:58:10 - GET /api/health 200 12ms
2025-10-24 17:58:10 - GET /api/health 200 12ms
2025-10-24 17:58:10 - GET /api/users 200 45ms
2025-10-24 17:58:11 - DELETE /api/sessions 200 89ms
2025-10-24 17:58:11 - GET /api/health 200 12ms
2025-10-24 17:58:11 - GET /api/health 200 12ms
2025-10-24 17:58:11 - DELETE /api/sessions 200 89ms
2025-10-24 17:58:11 - DELETE /api/sessions 200 89ms
2025-10-24 17:58:11 - GET /api/products 200 23ms
2025-10-24 17:58:11 - POST /api/login 200 120ms
2025-10-24 17:58:11 - DELETE /api/sessions 200 89ms
2025-10-24 17:58:11 - GET /api/users 200 45ms
2025-10-24 17:58:11 - GET /api/health 200 12ms
2025-10-24 17:58:12 - GET /api/users 200 45ms
2025-10-24 17:58:12 - GET /api/products 200 23ms
2025-10-24 17:58:12 - PUT /api/users/123 200 67ms
2025-10-24 17:58:12 - POST /api/login 200 120ms
2025-10-24 17:58:12 - POST /api/orders 201 156ms
2025-10-24 17:58:12 - GET /api/products 200 23ms
2025-10-24 17:58:12 - POST /api/orders 201 156ms
2025-10-24 17:58:12 - GET /api/products 200 23ms
2025-10-24 17:58:12 - GET /api/products 200 23ms
2025-10-24 17:58:12 - GET /api/health 200 12ms
2025-10-24 17:58:13 - DELETE /api/sessions 200 89ms
2025-10-24 17:58:13 - POST /api/orders 201 156ms
2025-10-24 17:58:13 - POST /api/orders 201 156ms
2025-10-24 17:58:13 - GET /api/health 200 12ms
2025-10-24 17:58:13 - GET /api/products 200 23ms
2025-10-24 17:58:13 - POST /api/login 200 120ms
2025-10-24 17:58:13 - GET /api/products 200 23ms
2025-10-24 17:58:13 - POST /api/orders 201 156ms
2025-10-24 17:58:13 - GET /api/products 200 23ms
2025-10-24 17:58:13 - DELETE /api/sessions 200 89ms
2025-10-24 17:58:14 - GET /api/users 200 45ms
2025-10-24 17:58:14 - POST /api/login 200 120ms
2025-10-24 17:58:14 - GET /api/users 200 45ms
2025-10-24 17:58:14 - GET /api/health 200 12ms
2025-10-24 17:58:14 - GET /api/users 200 45ms
2025-10-24 17:58:14 - ALERT: Cross-site scripting attempt detected
2025-10-24 17:58:14 - PUT /api/users/123 200 67ms
2025-10-24 17:58:14 - DELETE /api/sessions 200 89ms
2025-10-24 17:58:14 - GET /api/products 200 23ms
2025-10-24 17:58:14 - DELETE /api/sessions 200 89ms
2025-10-24 17:58:15 - POST /api/login 200 120ms
2025-10-24 17:58:15 - POST /api/login 200 120ms
2025-10-24 17:58:15 - GET /api/users 200 45ms
2025-10-24 17:58:15 - POST /api/login 200 120ms
2025-10-24 17:58:15 - GET /api/users 200 45ms
2025-10-24 17:58:15 - GET /api/users 200 45ms
2025-10-24 17:58:15 - PUT /api/users/123 200 67ms
2025-10-24 17:58:15 - PUT /api/users/123 200 67ms
2025-10-24 17:58:15 - GET /api/users 200 45ms
2025-10-24 17:58:15 - POST /api/login 200 120ms
2025-10-24 17:58:16 - GET /api/health 200 12ms
2025-10-24 17:58:16 - SECURITY ALERT: Multiple failed login attempts from IP 192.168.1.100
2025-10-24 17:58:16 - PUT /api/users/123 200 67ms
2025-10-24 17:58:16 - GET /api/products 200 23ms
2025-10-24 17:58:16 - GET /api/products 200 23ms
2025-10-24 17:58:16 - GET /api/health 200 12ms
2025-10-24 17:58:16 - PUT /api/users/123 200 67ms
2025-10-24 17:58:16 - POST /api/login 200 120ms
2025-10-24 17:58:16 - GET /api/products 200 23ms
2025-10-24 17:58:16 - GET /api/health 200 12ms
2025-10-24 17:58:17 - PUT /api/users/123 200 67ms
2025-10-24 17:58:17 - DELETE /api/sessions 200 89ms
2025-10-24 17:58:17 - GET /api/users 200 45ms
2025-10-24 17:58:17 - GET /api/users 200 45ms
2025-10-24 17:58:17 - GET /api/users 200 45ms
2025-10-24 17:58:17 - POST /api/orders 201 156ms
2025-10-24 17:58:17 - DELETE /api/sessions 200 89ms
2025-10-24 17:58:17 - POST /api/login 200 120ms
2025-10-24 17:58:17 - POST /api/orders 201 156ms
2025-10-24 17:58:17 - POST /api/login 200 120ms
2025-10-24 17:58:18 - POST /api/orders 201 156ms
2025-10-24 17:58:18 - POST /api/orders 201 156ms
2025-10-24 17:58:18 - DELETE /api/sessions 200 89ms
2025-10-24 17:58:18 - GET /api/products 200 23ms
2025-10-24 17:58:18 - GET /api/products 200 23ms
2025-10-24 17:58:18 - GET /api/users 200 45ms
2025-10-24 17:58:18 - GET /api/health 200 12ms
2025-10-24 17:58:18 - GET /api/health 200 12ms
2025-10-24 17:58:18 - GET /api/health 200 12ms
2025-10-24 17:58:18 - GET /api/products 200 23ms
2025-10-24 17:58:21 - GET /api/products 200 23ms
2025-10-24 17:58:21 - DELETE /api/sessions 200 89ms
2025-10-24 17:58:21 - GET /api/users 200 45ms
2025-10-24 17:58:21 - DELETE /api/sessions 200 89ms
2025-10-24 17:58:21 - PUT /api/users/123 200 67ms
2025-10-24 17:58:22 - CRITICAL: Database connection pool exhausted
2025-10-24 17:58:22 - GET /api/products 200 23ms
2025-10-24 17:58:22 - POST /api/login 200 120ms
2025-10-24 17:58:22 - ERROR: Payment gateway timeout after 30s
2025-10-24 17:58:22 - DELETE /api/sessions 200 89ms
2025-10-24 17:58:22 - PUT /api/users/123 200 67ms
2025-10-24 17:58:22 - PUT /api/users/123 200 67ms
2025-10-24 17:58:22 - DELETE /api/sessions 200 89ms
2025-10-24 17:58:22 - GET /api/users 200 45ms
2025-10-24 17:58:22 - DELETE /api/sessions 200 89ms
2025-10-24 17:58:23 - GET /api/products 200 23ms
2025-10-24 17:58:23 - POST /api/login 200 120ms
2025-10-24 17:58:23 - PUT /api/users/123 200 67ms
2025-10-24 17:58:23 - DELETE /api/sessions 200 89ms
2025-10-24 17:58:23 - PUT /api/users/123 200 67ms
2025-10-24 17:58:23 - GET /api/users 200 45ms
2025-10-24 17:58:23 - GET /api/health 200 12ms
2025-10-24 17:58:23 - DELETE /api/sessions 200 89ms
2025-10-24 17:58:23 - GET /api/users 200 45ms
2025-10-24 17:58:23 - POST /api/orders 201 156ms
2025-10-24 17:58:24 - POST /api/login 200 120ms
2025-10-24 17:58:24 - DELETE /api/sessions 200 89ms
2025-10-24 17:58:24 - POST /api/login 200 120ms
2025-10-24 17:58:24 - POST /api/login 200 120ms
2025-10-24 17:58:24 - DELETE /api/sessions 200 89ms
2025-10-24 17:58:24 - POST /api/login 200 120ms
2025-10-24 17:58:24 - SECURITY ALERT: Multiple failed login attempts from IP 192.168.1.100
2025-10-24 17:58:24 - POST /api/login 200 120ms
2025-10-24 17:58:24 - POST /api/login 200 120ms
2025-10-24 17:58:25 - POST /api/login 200 120ms
2025-10-24 17:58:25 - ERROR: Payment gateway timeout after 30s
2025-10-24 17:58:25 - GET /api/health 200 12ms
2025-10-24 17:58:25 - GET /api/health 200 12ms
2025-10-24 17:58:25 - POST /api/login 200 120ms
2025-10-24 17:58:25 - GET /api/products 200 23ms
2025-10-24 17:58:25 - GET /api/products 200 23ms
2025-10-24 17:58:25 - POST /api/login 200 120ms
2025-10-24 17:58:25 - GET /api/users 200 45ms
2025-10-24 17:58:25 - GET /api/products 200 23ms
2025-10-24 17:58:26 - PUT /api/users/123 200 67ms
2025-10-24 17:58:26 - DELETE /api/sessions 200 89ms
2025-10-24 17:58:26 - GET /api/products 200 23ms
2025-10-24 17:58:26 - GET /api/health 200 12ms
2025-10-24 17:58:26 - POST /api/login 200 120ms
2025-10-24 17:58:26 - Memory leak detected: Heap usage at 95%
2025-10-24 17:58:26 - GET /api/users 200 45ms
2025-10-24 17:58:26 - SECURITY ALERT: Multiple failed login attempts from IP 192.168.1.100
2025-10-24 17:58:26 - POST /api/login 200 120ms
2025-10-24 17:58:26 - GET /api/health 200 12ms
2025-10-24 17:58:27 - GET /api/products 200 23ms
2025-10-24 17:58:27 - PUT /api/users/123 200 67ms
2025-10-24 17:58:27 - POST /api/login 200 120ms
2025-10-24 17:58:27 - Unusual query pattern: SELECT * FROM users WHERE 1=1
2025-10-24 17:58:27 - POST /api/orders 201 156ms
2025-10-24 17:58:27 - GET /api/health 200 12ms
2025-10-24 17:58:27 - PUT /api/users/123 200 67ms
2025-10-24 17:58:27 - POST /api/orders 201 156ms
2025-10-24 17:58:27 - GET /api/users 200 45ms
2025-10-24 17:58:27 - POST /api/orders 201 156ms
2025-10-24 17:58:28 - POST /api/login 200 120ms
2025-10-24 17:58:28 - POST /api/login 200 120ms
2025-10-24 17:58:28 - DELETE /api/sessions 200 89ms
2025-10-24 17:58:28 - POST /api/orders 201 156ms
2025-10-24 17:58:28 - GET /api/products 200 23ms
2025-10-24 17:58:28 - DELETE /api/sessions 200 89ms
2025-10-24 17:58:28 - GET /api/users 200 45ms
2025-10-24 17:58:28 - GET /api/users 200 45ms
2025-10-24 17:58:28 - GET /api/products 200 23ms
2025-10-24 17:58:28 - DELETE /api/sessions 200 89ms
2025-10-24 17:58:29 - DELETE /api/sessions 200 89ms
2025-10-24 17:58:29 - PUT /api/users/123 200 67ms
2025-10-24 17:58:29 - POST /api/orders 201 156ms
2025-10-24 17:58:29 - GET /api/products 200 23ms
2025-10-24 17:58:29 - POST /api/orders 201 156ms
2025-10-24 17:58:29 - POST /api/orders 201 156ms
2025-10-24 17:58:29 - POST /api/orders 201 156ms
2025-10-24 17:58:29 - POST /api/login 200 120ms
2025-10-24 17:58:29 - PUT /api/users/123 200 67ms
2025-10-24 17:58:29 - GET /api/health 200 12ms
2025-10-24 17:58:30 - DELETE /api/sessions 200 89ms
2025-10-24 17:58:30 - SECURITY ALERT: Multiple failed login attempts from IP 192.168.1.100
2025-10-24 17:58:30 - GET /api/users 200 45ms
2025-10-24 17:58:30 - GET /api/users 200 45ms
2025-10-24 17:58:30 - POST /api/orders 201 156ms
2025-10-24 17:58:30 - POST /api/login 200 120ms
2025-10-24 17:58:30 - Memory leak detected: Heap usage at 95%
2025-10-24 17:58:30 - PUT /api/users/123 200 67ms
2025-10-24 17:58:30 - GET /api/users 200 45ms
2025-10-24 17:58:30 - PUT /api/users/123 200 67ms
2025-10-24 17:58:31 - POST /api/orders 201 156ms
2025-10-24 17:58:31 - PUT /api/users/123 200 67ms
2025-10-24 17:58:31 - GET /api/products 200 23ms
2025-10-24 17:58:31 - DELETE /api/sessions 200 89ms
2025-10-24 17:58:31 - PUT /api/users/123 200 67ms
2025-10-24 17:58:31 - GET /api/users 200 45ms
2025-10-24 17:58:31 - GET /api/health 200 12ms
2025-10-24 17:58:31 - POST /api/orders 201 156ms
2025-10-24 17:58:31 - GET /api/users 200 45ms
2025-10-24 17:58:31 - GET /api/health 200 12ms
2025-10-24 17:58:32 - GET /api/products 200 23ms
2025-10-24 17:58:32 - POST /api/login 200 120ms
2025-10-24 17:58:32 - PUT /api/users/123 200 67ms
2025-10-24 17:58:32 - GET /api/health 200 12ms
2025-10-24 17:58:32 - POST /api/orders 201 156ms
2025-10-24 17:58:32 - POST /api/orders 201 156ms
2025-10-24 17:58:32 - GET /api/users 200 45ms
2025-10-24 17:58:32 - GET /api/users 200 45ms
2025-10-24 17:58:32 - GET /api/products 200 23ms
2025-10-24 17:58:32 - POST /api/login 200 120ms
2025-10-24 17:58:33 - POST /api/login 200 120ms
2025-10-24 17:58:33 - GET /api/users 200 45ms
2025-10-24 17:58:33 - GET /api/products 200 23ms
2025-10-24 17:58:33 - GET /api/health 200 12ms
2025-10-24 17:58:33 - DELETE /api/sessions 200 89ms
2025-10-24 17:58:33 - PUT /api/users/123 200 67ms
2025-10-24 17:58:33 - GET /api/users 200 45ms
2025-10-24 17:58:33 - PUT /api/users/123 200 67ms
2025-10-24 17:58:33 - Memory leak detected: Heap usage at 95%
2025-10-24 17:58:33 - GET /api/health 200 12ms
2025-10-24 17:58:34 - PUT /api/users/123 200 67ms
2025-10-24 17:58:34 - GET /api/users 200 45ms
2025-10-24 17:58:34 - PUT /api/users/123 200 67ms
2025-10-24 17:58:34 - GET /api/products 200 23ms
2025-10-24 17:58:34 - GET /api/health 200 12ms
2025-10-24 17:58:34 - DELETE /api/sessions 200 89ms
2025-10-24 17:58:34 - PUT /api/users/123 200 67ms
2025-10-24 17:58:34 - POST /api/orders 201 156ms
2025-10-24 17:58:34 - GET /api/users 200 45ms
2025-10-24 17:58:34 - POST /api/orders 201 156ms
2025-10-24 17:58:35 - POST /api/orders 201 156ms
2025-10-24 17:58:35 - GET /api/health 200 12ms
2025-10-24 17:58:35 - GET /api/health 200 12ms
2025-10-24 17:58:35 - POST /api/login 200 120ms
2025-10-24 17:58:35 - GET /api/products 200 23ms
2025-10-24 17:58:35 - Memory leak detected: Heap usage at 95%
2025-10-24 17:58:35 - POST /api/orders 201 156ms
2025-10-24 17:58:35 - GET /api/users 200 45ms
2025-10-24 17:58:35 - GET /api/products 200 23ms
2025-10-24 17:58:35 - PUT /api/users/123 200 67ms
2025-10-24 17:58:36 - GET /api/health 200 12ms
2025-10-24 17:58:36 - PUT /api/users/123 200 67ms
2025-10-24 17:58:36 - DELETE /api/sessions 200 89ms
2025-10-24 17:58:36 - GET /api/users 200 45ms
2025-10-24 17:58:36 - PUT /api/users/123 200 67ms
2025-10-24 17:58:36 - PUT /api/users/123 200 67ms
2025-10-24 17:58:36 - DELETE /api/sessions 200 89ms
2025-10-24 17:58:36 - DELETE /api/sessions 200 89ms
2025-10-24 17:58:36 - PUT /api/users/123 200 67ms
2025-10-24 17:58:36 - GET /api/users 200 45ms
2025-10-24 17:58:37 - GET /api/health 200 12ms
2025-10-24 17:58:37 - Memory leak detected: Heap usage at 95%
2025-10-24 17:58:37 - POST /api/orders 201 156ms
2025-10-24 17:58:37 - POST /api/login 200 120ms
2025-10-24 17:58:37 - DELETE /api/sessions 200 89ms
2025-10-24 17:58:37 - GET /api/products 200 23ms
2025-10-24 17:58:37 - GET /api/products 200 23ms
2025-10-24 17:58:37 - GET /api/health 200 12ms
2025-10-24 17:58:37 - GET /api/users 200 45ms
2025-10-24 17:58:37 - DELETE /api/sessions 200 89ms
2025-10-24 17:58:38 - GET /api/users 200 45ms
2025-10-24 17:58:38 - GET /api/health 200 12ms
2025-10-24 17:58:38 - GET /api/products 200 23ms
2025-10-24 17:58:38 - DELETE /api/sessions 200 89ms
2025-10-24 17:58:38 - CRITICAL: Database connection pool exhausted
2025-10-24 17:58:38 - PUT /api/users/123 200 67ms
2025-10-24 17:58:38 - DELETE /api/sessions 200 89ms
2025-10-24 17:58:38 - POST /api/orders 201 156ms
2025-10-24 17:58:38 - Unusual query pattern: SELECT * FROM users WHERE 1=1
2025-10-24 17:58:38 - DELETE /api/sessions 200 89ms
2025-10-24 17:58:39 - PUT /api/users/123 200 67ms
2025-10-24 17:58:39 - FATAL: Kernel panic - not syncing
2025-10-24 17:58:39 - POST /api/login 200 120ms
2025-10-24 17:58:39 - DELETE /api/sessions 200 89ms
2025-10-24 17:58:39 - POST /api/login 200 120ms
2025-10-24 17:58:39 - POST /api/login 200 120ms
2025-10-24 17:58:39 - PUT /api/users/123 200 67ms
2025-10-24 17:58:39 - DELETE /api/sessions 200 89ms
2025-10-24 17:58:39 - DELETE /api/sessions 200 89ms
2025-10-24 17:58:39 - GET /api/users 200 45ms
2025-10-24 17:58:40 - DELETE /api/sessions 200 89ms
2025-10-24 17:58:40 - GET /api/users 200 45ms
2025-10-24 17:58:40 - DELETE /api/sessions 200 89ms
2025-10-24 17:58:40 - GET /api/users 200 45ms
2025-10-24 17:58:40 - GET /api/users 200 45ms
2025-10-24 17:58:40 - POST /api/orders 201 156ms
2025-10-24 17:58:40 - GET /api/users 200 45ms
2025-10-24 17:58:40 - POST /api/orders 201 156ms
2025-10-24 17:58:40 - DELETE /api/sessions 200 89ms
2025-10-24 17:58:40 - DELETE /api/sessions 200 89ms
2025-10-24 17:58:41 - GET /api/users 200 45ms
2025-10-24 17:58:41 - GET /api/health 200 12ms
2025-10-24 17:58:41 - GET /api/products 200 23ms
2025-10-24 17:58:41 - GET /api/health 200 12ms
2025-10-24 17:58:41 - GET /api/users 200 45ms
2025-10-24 17:58:41 - POST /api/login 200 120ms
2025-10-24 17:58:41 - DELETE /api/sessions 200 89ms
2025-10-24 17:58:41 - ERROR: Payment gateway timeout after 30s
2025-10-24 17:58:41 - GET /api/users 200 45ms
2025-10-24 17:58:41 - DELETE /api/sessions 200 89ms
2025-10-24 17:58:42 - PUT /api/users/123 200 67ms
2025-10-24 17:58:42 - POST /api/orders 201 156ms
2025-10-24 17:58:42 - PUT /api/users/123 200 67ms
2025-10-24 17:58:42 - POST /api/orders 201 156ms
2025-10-24 17:58:42 - GET /api/users 200 45ms
2025-10-24 17:58:42 - GET /api/health 200 12ms
2025-10-24 17:58:42 - GET /api/health 200 12ms
2025-10-24 17:58:42 - GET /api/users 200 45ms
2025-10-24 17:58:42 - POST /api/orders 201 156ms
2025-10-24 17:58:42 - GET /api/users 200 45ms
2025-10-24 17:58:43 - GET /api/products 200 23ms
2025-10-24 17:58:43 - GET /api/users 200 45ms
2025-10-24 17:58:43 - GET /api/health 200 12ms
2025-10-24 17:58:43 - PUT /api/users/123 200 67ms
2025-10-24 17:58:43 - DELETE /api/sessions 200 89ms
2025-10-24 17:58:43 - POST /api/orders 201 156ms
2025-10-24 17:58:43 - GET /api/health 200 12ms
2025-10-24 17:58:43 - POST /api/orders 201 156ms
2025-10-24 17:58:43 - ERROR: Payment gateway timeout after 30s
2025-10-24 17:58:43 - DELETE /api/sessions 200 89ms
2025-10-24 17:58:44 - GET /api/health 200 12ms
2025-10-24 17:58:44 - DELETE /api/sessions 200 89ms
2025-10-24 17:58:44 - GET /api/products 200 23ms
2025-10-24 17:58:44 - PUT /api/users/123 200 67ms
2025-10-24 17:58:44 - GET /api/health 200 12ms
2025-10-24 17:58:44 - GET /api/users 200 45ms
2025-10-24 17:58:44 - GET /api/users 200 45ms
2025-10-24 17:58:44 - GET /api/users 200 45ms
2025-10-24 17:58:44 - GET /api/health 200 12ms
2025-10-24 17:58:44 - POST /api/login 200 120ms
2025-10-24 17:58:45 - GET /api/products 200 23ms
2025-10-24 17:58:45 - GET /api/health 200 12ms
2025-10-24 17:58:45 - POST /api/login 200 120ms
2025-10-24 17:58:45 - DELETE /api/sessions 200 89ms
2025-10-24 17:58:45 - PUT /api/users/123 200 67ms
2025-10-24 17:58:45 - PUT /api/users/123 200 67ms
2025-10-24 17:58:45 - POST /api/login 200 120ms
2025-10-24 17:58:45 - PUT /api/users/123 200 67ms
2025-10-24 17:58:45 - GET /api/products 200 23ms
2025-10-24 17:58:45 - POST /api/login 200 120ms
2025-10-24 17:58:46 - POST /api/login 200 120ms
2025-10-24 17:58:46 - GET /api/users 200 45ms
2025-10-24 17:58:46 - GET /api/users 200 45ms
2025-10-24 17:58:46 - POST /api/login 200 120ms
2025-10-24 17:58:46 - POST /api/login 200 120ms
2025-10-24 17:58:46 - Memory leak detected: Heap usage at 95%
2025-10-24 17:58:46 - GET /api/health 200 12ms
2025-10-24 17:58:46 - GET /api/health 200 12ms
2025-10-24 17:58:46 - PUT /api/users/123 200 67ms
2025-10-24 17:58:46 - GET /api/health 200 12ms
2025-10-24 17:58:47 - DELETE /api/sessions 200 89ms
2025-10-24 17:58:47 - DELETE /api/sessions 200 89ms
2025-10-24 17:58:47 - POST /api/orders 201 156ms
2025-10-24 17:58:47 - PUT /api/users/123 200 67ms
2025-10-24 17:58:47 - POST /api/orders 201 156ms
2025-10-24 17:58:47 - DELETE /api/sessions 200 89ms
2025-10-24 17:58:47 - POST /api/login 200 120ms
2025-10-24 17:58:47 - PUT /api/users/123 200 67ms
2025-10-24 17:58:47 - GET /api/users 200 45ms
2025-10-24 17:58:47 - PUT /api/users/123 200 67ms
2025-10-24 17:58:48 - GET /api/users 200 45ms
2025-10-24 17:58:48 - POST /api/login 200 120ms
2025-10-24 17:58:48 - PUT /api/users/123 200 67ms
2025-10-24 17:58:48 - PUT /api/users/123 200 67ms
2025-10-24 17:58:48 - DELETE /api/sessions 200 89ms
2025-10-24 17:58:48 - POST /api/login 200 120ms
2025-10-24 17:58:48 - PUT /api/users/123 200 67ms
2025-10-24 17:58:48 - GET /api/users 200 45ms
2025-10-24 17:58:48 - GET /api/users 200 45ms
2025-10-24 17:58:48 - DELETE /api/sessions 200 89ms
2025-10-24 17:58:49 - GET /api/products 200 23ms
2025-10-24 17:58:49 - DELETE /api/sessions 200 89ms
2025-10-24 17:58:49 - GET /api/health 200 12ms
2025-10-24 17:58:49 - PUT /api/users/123 200 67ms
2025-10-24 17:58:49 - PUT /api/users/123 200 67ms
2025-10-24 17:58:49 - POST /api/login 200 120ms
2025-10-24 17:58:49 - GET /api/users 200 45ms
2025-10-24 17:58:49 - DELETE /api/sessions 200 89ms
2025-10-24 17:58:49 - GET /api/users 200 45ms
2025-10-24 17:58:50 - POST /api/login 200 120ms
2025-10-24 17:58:50 - POST /api/login 200 120ms
2025-10-24 17:58:50 - GET /api/users 200 45ms
2025-10-24 17:58:50 - PUT /api/users/123 200 67ms
2025-10-24 17:58:50 - DELETE /api/sessions 200 89ms
2025-10-24 17:58:50 - GET /api/users 200 45ms
2025-10-24 17:58:50 - GET /api/health 200 12ms
2025-10-24 17:58:50 - POST /api/orders 201 156ms
2025-10-24 17:58:50 - GET /api/products 200 23ms
2025-10-24 17:58:50 - POST /api/orders 201 156ms
2025-10-24 17:58:51 - PUT /api/users/123 200 67ms
2025-10-24 17:58:51 - PUT /api/users/123 200 67ms
2025-10-24 17:58:51 - PUT /api/users/123 200 67ms
2025-10-24 17:58:51 - GET /api/products 200 23ms
2025-10-24 17:58:51 - POST /api/orders 201 156ms
2025-10-24 17:58:51 - GET /api/products 200 23ms
2025-10-24 17:58:51 - GET /api/users 200 45ms
2025-10-24 17:58:51 - DELETE /api/sessions 200 89ms
2025-10-24 17:58:51 - POST /api/orders 201 156ms
2025-10-24 17:58:51 - DELETE /api/sessions 200 89ms
2025-10-24 17:58:52 - POST /api/orders 201 156ms
2025-10-24 17:58:52 - GET /api/products 200 23ms
2025-10-24 17:58:52 - GET /api/health 200 12ms
2025-10-24 17:58:52 - DELETE /api/sessions 200 89ms
2025-10-24 17:58:52 - GET /api/products 200 23ms
2025-10-24 17:58:52 - GET /api/products 200 23ms
2025-10-24 17:58:52 - DELETE /api/sessions 200 89ms
2025-10-24 17:58:52 - POST /api/orders 201 156ms
2025-10-24 17:58:52 - PUT /api/users/123 200 67ms
2025-10-24 17:58:52 - POST /api/orders 201 156ms
2025-10-24 17:58:53 - POST /api/orders 201 156ms
2025-10-24 17:58:53 - DELETE /api/sessions 200 89ms
2025-10-24 17:58:53 - GET /api/products 200 23ms
2025-10-24 17:58:53 - POST /api/login 200 120ms
2025-10-24 17:58:53 - POST /api/orders 201 156ms
2025-10-24 17:58:53 - GET /api/health 200 12ms
2025-10-24 17:58:53 - POST /api/login 200 120ms
2025-10-24 17:58:53 - POST /api/orders 201 156ms
2025-10-24 17:58:53 - GET /api/products 200 23ms
2025-10-24 17:58:53 - GET /api/health 200 12ms
2025-10-24 17:58:54 - POST /api/login 200 120ms
2025-10-24 17:58:56 - GET /api/products 200 23ms
2025-10-24 17:58:56 - POST /api/orders 201 156ms
2025-10-24 17:58:56 - GET /api/health 200 12ms
2025-10-24 17:58:56 - GET /api/users 200 45ms
2025-10-24 17:58:57 - PUT /api/users/123 200 67ms
2025-10-24 17:58:57 - GET /api/health 200 12ms
2025-10-24 17:58:57 - DELETE /api/sessions 200 89ms
2025-10-24 17:58:57 - GET /api/health 200 12ms
2025-10-24 17:58:57 - GET /api/products 200 23ms
2025-10-24 17:58:57 - GET /api/products 200 23ms
2025-10-24 17:58:57 - PUT /api/users/123 200 67ms
2025-10-24 17:58:57 - GET /api/products 200 23ms
2025-10-24 17:58:57 - GET /api/health 200 12ms
2025-10-24 17:58:57 - GET /api/products 200 23ms
2025-10-24 17:58:58 - PUT /api/users/123 200 67ms
2025-10-24 17:58:58 - GET /api/users 200 45ms
2025-10-24 17:58:58 - PUT /api/users/123 200 67ms
2025-10-24 17:58:58 - POST /api/login 200 120ms
2025-10-24 17:58:58 - DELETE /api/sessions 200 89ms
2025-10-24 17:58:58 - POST /api/login 200 120ms
2025-10-24 17:58:58 - GET /api/health 200 12ms
2025-10-24 17:58:58 - GET /api/products 200 23ms
2025-10-24 17:58:58 - DELETE /api/sessions 200 89ms
2025-10-24 17:58:58 - DELETE /api/sessions 200 89ms
2025-10-24 17:58:59 - POST /api/orders 201 156ms
2025-10-24 17:58:59 - DELETE /api/sessions 200 89ms
2025-10-24 17:58:59 - DELETE /api/sessions 200 89ms
2025-10-24 17:58:59 - GET /api/products 200 23ms
2025-10-24 17:58:59 - GET /api/health 200 12ms
2025-10-24 17:58:59 - PUT /api/users/123 200 67ms
2025-10-24 17:58:59 - PUT /api/users/123 200 67ms
2025-10-24 17:58:59 - GET /api/health 200 12ms
2025-10-24 17:58:59 - GET /api/users 200 45ms
2025-10-24 17:58:59 - PUT /api/users/123 200 67ms
2025-10-24 17:59:00 - GET /api/health 200 12ms
2025-10-24 17:59:00 - GET /api/health 200 12ms
2025-10-24 17:59:00 - GET /api/health 200 12ms
2025-10-24 17:59:00 - POST /api/login 200 120ms
2025-10-24 17:59:00 - PUT /api/users/123 200 67ms
2025-10-24 17:59:00 - GET /api/users 200 45ms
2025-10-24 17:59:00 - DELETE /api/sessions 200 89ms
2025-10-24 17:59:00 - DELETE /api/sessions 200 89ms
2025-10-24 17:59:00 - GET /api/users 200 45ms
2025-10-24 17:59:00 - DELETE /api/sessions 200 89ms
2025-10-24 17:59:01 - DELETE /api/sessions 200 89ms
2025-10-24 17:59:01 - GET /api/users 200 45ms
2025-10-24 17:59:01 - GET /api/health 200 12ms
2025-10-24 17:59:01 - DELETE /api/sessions 200 89ms
2025-10-24 17:59:01 - GET /api/products 200 23ms
2025-10-24 17:59:01 - POST /api/orders 201 156ms
2025-10-24 17:59:01 - GET /api/health 200 12ms
2025-10-24 17:59:01 - PUT /api/users/123 200 67ms
2025-10-24 17:59:01 - POST /api/orders 201 156ms
2025-10-24 17:59:01 - GET /api/users 200 45ms
2025-10-24 17:59:02 - POST /api/orders 201 156ms
2025-10-24 17:59:02 - Unusual query pattern: SELECT * FROM users WHERE 1=1
2025-10-24 17:59:02 - DELETE /api/sessions 200 89ms
2025-10-24 17:59:02 - POST /api/login 200 120ms
2025-10-24 17:59:02 - GET /api/products 200 23ms
2025-10-24 17:59:02 - GET /api/health 200 12ms
2025-10-24 17:59:02 - POST /api/login 200 120ms
2025-10-24 17:59:02 - DELETE /api/sessions 200 89ms
2025-10-24 17:59:02 - GET /api/users 200 45ms
2025-10-24 17:59:02 - GET /api/users 200 45ms
2025-10-24 17:59:03 - GET /api/products 200 23ms
2025-10-24 17:59:03 - POST /api/orders 201 156ms
2025-10-24 17:59:03 - POST /api/login 200 120ms
2025-10-24 17:59:03 - GET /api/health 200 12ms
2025-10-24 17:59:03 - ERROR: Payment gateway timeout after 30s
2025-10-24 17:59:03 - GET /api/health 200 12ms
2025-10-24 17:59:03 - GET /api/health 200 12ms
2025-10-24 17:59:03 - DELETE /api/sessions 200 89ms
2025-10-24 17:59:03 - CRITICAL: Database connection pool exhausted
2025-10-24 17:59:03 - PUT /api/users/123 200 67ms
2025-10-24 17:59:04 - GET /api/health 200 12ms
2025-10-24 17:59:04 - POST /api/orders 201 156ms
2025-10-24 17:59:04 - POST /api/login 200 120ms
2025-10-24 17:59:04 - DELETE /api/sessions 200 89ms
2025-10-24 17:59:04 - POST /api/login 200 120ms
2025-10-24 17:59:04 - DELETE /api/sessions 200 89ms
2025-10-24 17:59:04 - GET /api/users 200 45ms
2025-10-24 17:59:04 - GET /api/products 200 23ms
2025-10-24 17:59:04 - GET /api/users 200 45ms
2025-10-24 17:59:04 - POST /api/login 200 120ms
2025-10-24 17:59:05 - GET /api/users 200 45ms
2025-10-24 17:59:05 - POST /api/login 200 120ms
2025-10-24 17:59:05 - PUT /api/users/123 200 67ms
2025-10-24 17:59:05 - PUT /api/users/123 200 67ms
2025-10-24 17:59:05 - GET /api/health 200 12ms
2025-10-24 17:59:05 - POST /api/login 200 120ms
2025-10-24 17:59:05 - DELETE /api/sessions 200 89ms
2025-10-24 17:59:05 - DELETE /api/sessions 200 89ms
2025-10-24 17:59:05 - POST /api/login 200 120ms
2025-10-24 17:59:05 - POST /api/orders 201 156ms
2025-10-24 17:59:06 - PUT /api/users/123 200 67ms
2025-10-24 17:59:06 - POST /api/orders 201 156ms
2025-10-24 17:59:06 - POST /api/orders 201 156ms
2025-10-24 17:59:06 - POST /api/orders 201 156ms
2025-10-24 17:59:06 - GET /api/products 200 23ms
2025-10-24 17:59:06 - GET /api/health 200 12ms
2025-10-24 17:59:06 - DELETE /api/sessions 200 89ms
2025-10-24 17:59:06 - GET /api/products 200 23ms
2025-10-24 17:59:06 - GET /api/users 200 45ms
2025-10-24 17:59:06 - POST /api/orders 201 156ms
2025-10-24 17:59:07 - GET /api/health 200 12ms
2025-10-24 17:59:07 - PUT /api/users/123 200 67ms
2025-10-24 17:59:07 - Unusual query pattern: SELECT * FROM users WHERE 1=1
2025-10-24 17:59:07 - POST /api/orders 201 156ms
2025-10-24 17:59:07 - POST /api/orders 201 156ms
2025-10-24 17:59:07 - POST /api/orders 201 156ms
2025-10-24 17:59:07 - POST /api/login 200 120ms
2025-10-24 17:59:07 - Unusual query pattern: SELECT * FROM users WHERE 1=1
2025-10-24 17:59:07 - GET /api/products 200 23ms
2025-10-24 17:59:07 - PUT /api/users/123 200 67ms
2025-10-24 17:59:08 - POST /api/login 200 120ms
2025-10-24 17:59:08 - GET /api/users 200 45ms
2025-10-24 17:59:08 - GET /api/products 200 23ms
2025-10-24 17:59:08 - POST /api/login 200 120ms
2025-10-24 17:59:08 - GET /api/products 200 23ms
2025-10-24 17:59:08 - POST /api/orders 201 156ms
2025-10-24 17:59:08 - POST /api/login 200 120ms
2025-10-24 17:59:08 - GET /api/health 200 12ms
2025-10-24 17:59:08 - DELETE /api/sessions 200 89ms
2025-10-24 17:59:08 - GET /api/users 200 45ms
2025-10-24 17:59:09 - GET /api/users 200 45ms
2025-10-24 17:59:09 - GET /api/products 200 23ms
2025-10-24 17:59:09 - GET /api/products 200 23ms
2025-10-24 17:59:09 - DELETE /api/sessions 200 89ms
2025-10-24 17:59:09 - PUT /api/users/123 200 67ms
2025-10-24 17:59:09 - POST /api/orders 201 156ms
2025-10-24 17:59:09 - GET /api/health 200 12ms
2025-10-24 17:59:09 - POST /api/orders 201 156ms
2025-10-24 17:59:09 - GET /api/health 200 12ms
2025-10-24 17:59:09 - GET /api/products 200 23ms
2025-10-24 17:59:10 - GET /api/products 200 23ms
2025-10-24 17:59:10 - POST /api/orders 201 156ms
2025-10-24 17:59:10 - POST /api/orders 201 156ms
2025-10-24 17:59:10 - DELETE /api/sessions 200 89ms
2025-10-24 17:59:10 - DELETE /api/sessions 200 89ms
2025-10-24 17:59:10 - GET /api/users 200 45ms
2025-10-24 17:59:10 - POST /api/login 200 120ms
2025-10-24 17:59:10 - DELETE /api/sessions 200 89ms
2025-10-24 17:59:10 - GET /api/products 200 23ms
2025-10-24 17:59:10 - POST /api/orders 201 156ms
2025-10-24 17:59:11 - PUT /api/users/123 200 67ms
2025-10-24 17:59:11 - PUT /api/users/123 200 67ms
2025-10-24 17:59:11 - DELETE /api/sessions 200 89ms
2025-10-24 17:59:11 - SECURITY ALERT: Multiple failed login attempts from IP 192.168.1.100
2025-10-24 17:59:11 - POST /api/orders 201 156ms
2025-10-24 17:59:11 - POST /api/login 200 120ms
2025-10-24 17:59:11 - GET /api/products 200 23ms
2025-10-24 17:59:11 - POST /api/orders 201 156ms
2025-10-24 17:59:11 - DELETE /api/sessions 200 89ms
2025-10-24 17:59:11 - POST /api/orders 201 156ms
2025-10-24 17:59:12 - PUT /api/users/123 200 67ms
2025-10-24 17:59:12 - PUT /api/users/123 200 67ms
2025-10-24 17:59:12 - PUT /api/users/123 200 67ms
2025-10-24 17:59:12 - POST /api/orders 201 156ms
2025-10-24 17:59:12 - POST /api/orders 201 156ms
2025-10-24 17:59:12 - DELETE /api/sessions 200 89ms
2025-10-24 17:59:12 - POST /api/login 200 120ms
2025-10-24 17:59:12 - GET /api/health 200 12ms
2025-10-24 17:59:12 - POST /api/orders 201 156ms
2025-10-24 17:59:13 - DELETE /api/sessions 200 89ms
2025-10-24 17:59:13 - GET /api/users 200 45ms
2025-10-24 17:59:13 - PUT /api/users/123 200 67ms
2025-10-24 17:59:13 - PUT /api/users/123 200 67ms
2025-10-24 17:59:13 - DELETE /api/sessions 200 89ms
2025-10-24 17:59:13 - GET /api/health 200 12ms
2025-10-24 17:59:13 - PUT /api/users/123 200 67ms
2025-10-24 17:59:13 - DELETE /api/sessions 200 89ms
2025-10-24 17:59:13 - GET /api/health 200 12ms
2025-10-24 17:59:13 - POST /api/orders 201 156ms
2025-10-24 17:59:14 - POST /api/orders 201 156ms
2025-10-24 17:59:14 - GET /api/products 200 23ms
2025-10-24 17:59:14 - GET /api/products 200 23ms
2025-10-24 17:59:14 - GET /api/users 200 45ms
2025-10-24 17:59:14 - POST /api/login 200 120ms
2025-10-24 17:59:14 - GET /api/users 200 45ms
2025-10-24 17:59:14 - DELETE /api/sessions 200 89ms
2025-10-24 17:59:14 - POST /api/orders 201 156ms
2025-10-24 17:59:14 - POST /api/login 200 120ms
2025-10-24 17:59:14 - GET /api/health 200 12ms
2025-10-24 17:59:15 - PUT /api/users/123 200 67ms
2025-10-24 17:59:15 - GET /api/products 200 23ms
2025-10-24 17:59:15 - GET /api/products 200 23ms
2025-10-24 17:59:15 - POST /api/login 200 120ms
2025-10-24 17:59:15 - DELETE /api/sessions 200 89ms
2025-10-24 17:59:15 - GET /api/users 200 45ms
2025-10-24 17:59:15 - POST /api/login 200 120ms
2025-10-24 17:59:15 - PUT /api/users/123 200 67ms
2025-10-24 17:59:15 - POST /api/orders 201 156ms
2025-10-24 17:59:15 - PUT /api/users/123 200 67ms
2025-10-24 17:59:16 - PUT /api/users/123 200 67ms
2025-10-24 17:59:16 - DELETE /api/sessions 200 89ms
2025-10-24 17:59:16 - GET /api/users 200 45ms
2025-10-24 17:59:16 - GET /api/products 200 23ms
2025-10-24 17:59:16 - POST /api/orders 201 156ms
2025-10-24 17:59:16 - PUT /api/users/123 200 67ms
2025-10-24 17:59:16 - POST /api/login 200 120ms
2025-10-24 17:59:16 - PUT /api/users/123 200 67ms
2025-10-24 17:59:16 - PUT /api/users/123 200 67ms
2025-10-24 17:59:16 - GET /api/products 200 23ms
2025-10-24 17:59:17 - DELETE /api/sessions 200 89ms
2025-10-24 17:59:17 - POST /api/orders 201 156ms
2025-10-24 17:59:17 - GET /api/users 200 45ms
2025-10-24 17:59:17 - POST /api/login 200 120ms
2025-10-24 17:59:17 - POST /api/orders 201 156ms
2025-10-24 17:59:17 - DELETE /api/sessions 200 89ms
2025-10-24 17:59:17 - POST /api/orders 201 156ms
2025-10-24 17:59:17 - GET /api/users 200 45ms
2025-10-24 17:59:17 - GET /api/health 200 12ms
2025-10-24 17:59:17 - PUT /api/users/123 200 67ms
2025-10-24 17:59:18 - PUT /api/users/123 200 67ms
2025-10-24 17:59:18 - GET /api/products 200 23ms
2025-10-24 17:59:18 - PUT /api/users/123 200 67ms
2025-10-24 17:59:18 - GET /api/products 200 23ms
2025-10-24 17:59:18 - GET /api/products 200 23ms
2025-10-24 17:59:18 - GET /api/health 200 12ms
2025-10-24 17:59:18 - DELETE /api/sessions 200 89ms
2025-10-24 17:59:18 - GET /api/users 200 45ms
2025-10-24 17:59:18 - POST /api/login 200 120ms
2025-10-24 17:59:18 - GET /api/health 200 12ms
2025-10-24 17:59:19 - DELETE /api/sessions 200 89ms
2025-10-24 17:59:19 - GET /api/health 200 12ms
2025-10-24 17:59:19 - GET /api/health 200 12ms
2025-10-24 17:59:19 - DELETE /api/sessions 200 89ms
2025-10-24 17:59:19 - POST /api/orders 201 156ms
2025-10-24 17:59:19 - PUT /api/users/123 200 67ms
2025-10-24 17:59:19 - GET /api/users 200 45ms
2025-10-24 17:59:19 - PUT /api/users/123 200 67ms
2025-10-24 17:59:19 - POST /api/login 200 120ms
2025-10-24 17:59:19 - GET /api/products 200 23ms
2025-10-24 17:59:20 - FATAL: Kernel panic - not syncing
2025-10-24 17:59:20 - PUT /api/users/123 200 67ms
2025-10-24 17:59:20 - POST /api/orders 201 156ms
2025-10-24 17:59:20 - DELETE /api/sessions 200 89ms
2025-10-24 17:59:20 - POST /api/orders 201 156ms
2025-10-24 17:59:20 - DELETE /api/sessions 200 89ms
2025-10-24 17:59:20 - GET /api/health 200 12ms
2025-10-24 17:59:20 - DELETE /api/sessions 200 89ms
2025-10-24 17:59:20 - GET /api/products 200 23ms
2025-10-24 17:59:20 - POST /api/orders 201 156ms
2025-10-24 17:59:21 - GET /api/users 200 45ms
2025-10-24 17:59:21 - POST /api/orders 201 156ms
2025-10-24 17:59:21 - CRITICAL: Database connection pool exhausted
2025-10-24 17:59:21 - POST /api/orders 201 156ms
2025-10-24 17:59:21 - GET /api/users 200 45ms
2025-10-24 17:59:21 - CRITICAL: Database connection pool exhausted
2025-10-24 17:59:21 - POST /api/login 200 120ms
2025-10-24 17:59:21 - DELETE /api/sessions 200 89ms
2025-10-24 17:59:21 - GET /api/products 200 23ms
2025-10-24 17:59:21 - POST /api/orders 201 156ms
2025-10-24 17:59:22 - POST /api/orders 201 156ms
2025-10-24 17:59:22 - POST /api/login 200 120ms
2025-10-24 17:59:22 - GET /api/users 200 45ms
2025-10-24 17:59:22 - GET /api/users 200 45ms
2025-10-24 17:59:22 - GET /api/users 200 45ms
2025-10-24 17:59:22 - GET /api/users 200 45ms
2025-10-24 17:59:22 - DELETE /api/sessions 200 89ms
2025-10-24 17:59:22 - DELETE /api/sessions 200 89ms
2025-10-24 17:59:22 - GET /api/users 200 45ms
2025-10-24 17:59:22 - POST /api/orders 201 156ms
2025-10-24 17:59:23 - DELETE /api/sessions 200 89ms
2025-10-24 17:59:23 - POST /api/login 200 120ms
2025-10-24 17:59:23 - GET /api/products 200 23ms
2025-10-24 17:59:23 - GET /api/health 200 12ms
2025-10-24 17:59:23 - GET /api/users 200 45ms
2025-10-24 17:59:23 - GET /api/health 200 12ms
2025-10-24 17:59:23 - GET /api/products 200 23ms
2025-10-24 17:59:23 - PUT /api/users/123 200 67ms
2025-10-24 17:59:23 - GET /api/products 200 23ms
2025-10-24 17:59:23 - GET /api/users 200 45ms
2025-10-24 17:59:24 - CRITICAL: Database connection pool exhausted
2025-10-24 17:59:24 - GET /api/users 200 45ms
2025-10-24 17:59:24 - GET /api/products 200 23ms
2025-10-24 17:59:24 - PUT /api/users/123 200 67ms
2025-10-24 17:59:24 - GET /api/health 200 12ms
2025-10-24 17:59:24 - GET /api/products 200 23ms
2025-10-24 17:59:24 - GET /api/users 200 45ms
2025-10-24 17:59:24 - GET /api/users 200 45ms
2025-10-24 17:59:24 - DELETE /api/sessions 200 89ms
2025-10-24 17:59:24 - GET /api/users 200 45ms
2025-10-24 17:59:25 - Memory leak detected: Heap usage at 95%
2025-10-24 17:59:25 - FATAL: Kernel panic - not syncing
2025-10-24 17:59:25 - GET /api/products 200 23ms
2025-10-24 17:59:25 - DELETE /api/sessions 200 89ms
2025-10-24 17:59:25 - POST /api/login 200 120ms
2025-10-24 17:59:25 - GET /api/health 200 12ms
2025-10-24 17:59:25 - POST /api/orders 201 156ms
2025-10-24 17:59:25 - GET /api/products 200 23ms
2025-10-24 17:59:25 - DELETE /api/sessions 200 89ms
2025-10-24 17:59:25 - PUT /api/users/123 200 67ms
2025-10-24 17:59:26 - DELETE /api/sessions 200 89ms
2025-10-24 17:59:26 - PUT /api/users/123 200 67ms
2025-10-24 17:59:26 - PUT /api/users/123 200 67ms
2025-10-24 17:59:26 - GET /api/products 200 23ms
2025-10-24 17:59:26 - POST /api/login 200 120ms
2025-10-24 17:59:26 - PUT /api/users/123 200 67ms
2025-10-24 17:59:26 - PUT /api/users/123 200 67ms
2025-10-24 17:59:26 - GET /api/products 200 23ms
2025-10-24 17:59:26 - POST /api/login 200 120ms
2025-10-24 17:59:26 - GET /api/products 200 23ms
2025-10-24 17:59:27 - GET /api/health 200 12ms
2025-10-24 17:59:27 - GET /api/health 200 12ms
2025-10-24 17:59:27 - GET /api/users 200 45ms
2025-10-24 17:59:27 - GET /api/products 200 23ms
2025-10-24 17:59:27 - GET /api/products 200 23ms
2025-10-24 17:59:27 - POST /api/orders 201 156ms
2025-10-24 17:59:27 - POST /api/login 200 120ms
2025-10-24 17:59:27 - GET /api/products 200 23ms
2025-10-24 17:59:27 - DELETE /api/sessions 200 89ms
2025-10-24 17:59:27 - DELETE /api/sessions 200 89ms
2025-10-24 17:59:28 - DELETE /api/sessions 200 89ms
2025-10-24 17:59:28 - DELETE /api/sessions 200 89ms
2025-10-24 17:59:28 - DELETE /api/sessions 200 89ms
2025-10-24 17:59:28 - GET /api/health 200 12ms
2025-10-24 17:59:28 - GET /api/users 200 45ms
2025-10-24 17:59:28 - GET /api/health 200 12ms
2025-10-24 17:59:28 - DELETE /api/sessions 200 89ms
2025-10-24 17:59:28 - DELETE /api/sessions 200 89ms
2025-10-24 17:59:28 - POST /api/orders 201 156ms
2025-10-24 17:59:28 - GET /api/users 200 45ms
2025-10-24 17:59:31 - PUT /api/users/123 200 67ms
2025-10-24 17:59:31 - GET /api/health 200 12ms
2025-10-24 17:59:31 - PUT /api/users/123 200 67ms
2025-10-24 17:59:31 - FATAL: Kernel panic - not syncing
2025-10-24 17:59:32 - GET /api/products 200 23ms
2025-10-24 17:59:32 - GET /api/products 200 23ms
2025-10-24 17:59:32 - FATAL: Kernel panic - not syncing
2025-10-24 17:59:32 - GET /api/health 200 12ms
2025-10-24 17:59:32 - GET /api/products 200 23ms
2025-10-24 17:59:32 - GET /api/users 200 45ms
2025-10-24 17:59:32 - GET /api/users 200 45ms
2025-10-24 17:59:32 - GET /api/health 200 12ms
2025-10-24 17:59:32 - GET /api/products 200 23ms
2025-10-24 17:59:32 - POST /api/orders 201 156ms
2025-10-24 17:59:33 - POST /api/login 200 120ms
2025-10-24 17:59:33 - POST /api/orders 201 156ms
2025-10-24 17:59:33 - POST /api/login 200 120ms
2025-10-24 17:59:33 - DELETE /api/sessions 200 89ms
2025-10-24 17:59:33 - GET /api/products 200 23ms
2025-10-24 17:59:33 - POST /api/orders 201 156ms
2025-10-24 17:59:33 - POST /api/orders 201 156ms
2025-10-24 17:59:33 - GET /api/users 200 45ms
2025-10-24 17:59:33 - PUT /api/users/123 200 67ms
2025-10-24 17:59:33 - PUT /api/users/123 200 67ms
2025-10-24 17:59:34 - GET /api/users 200 45ms
2025-10-24 17:59:34 - GET /api/users 200 45ms
2025-10-24 17:59:34 - FATAL: Kernel panic - not syncing
2025-10-24 17:59:34 - DELETE /api/sessions 200 89ms
2025-10-24 17:59:34 - GET /api/users 200 45ms
2025-10-24 17:59:34 - PUT /api/users/123 200 67ms
2025-10-24 17:59:34 - GET /api/health 200 12ms
2025-10-24 17:59:34 - GET /api/products 200 23ms
2025-10-24 17:59:34 - GET /api/users 200 45ms
2025-10-24 17:59:34 - ERROR: Payment gateway timeout after 30s
2025-10-24 17:59:35 - POST /api/orders 201 156ms
2025-10-24 17:59:35 - POST /api/orders 201 156ms
2025-10-24 17:59:35 - DELETE /api/sessions 200 89ms
2025-10-24 17:59:35 - PUT /api/users/123 200 67ms
2025-10-24 17:59:35 - POST /api/orders 201 156ms
2025-10-24 17:59:35 - DELETE /api/sessions 200 89ms
2025-10-24 17:59:35 - GET /api/users 200 45ms
2025-10-24 17:59:35 - DELETE /api/sessions 200 89ms
2025-10-24 17:59:35 - GET /api/health 200 12ms
2025-10-24 17:59:35 - POST /api/orders 201 156ms
2025-10-24 17:59:36 - DELETE /api/sessions 200 89ms
2025-10-24 17:59:36 - GET /api/users 200 45ms
2025-10-24 17:59:36 - DELETE /api/sessions 200 89ms
2025-10-24 17:59:36 - PUT /api/users/123 200 67ms
2025-10-24 17:59:36 - PUT /api/users/123 200 67ms
2025-10-24 17:59:36 - GET /api/users 200 45ms
2025-10-24 17:59:36 - POST /api/orders 201 156ms
2025-10-24 17:59:36 - POST /api/login 200 120ms
2025-10-24 17:59:36 - POST /api/login 200 120ms
2025-10-24 17:59:36 - CRITICAL: Database connection pool exhausted
2025-10-24 17:59:37 - GET /api/products 200 23ms
2025-10-24 17:59:37 - GET /api/users 200 45ms
2025-10-24 17:59:37 - GET /api/products 200 23ms
2025-10-24 17:59:37 - GET /api/products 200 23ms
2025-10-24 17:59:37 - PUT /api/users/123 200 67ms
2025-10-24 17:59:37 - POST /api/orders 201 156ms
2025-10-24 17:59:37 - PUT /api/users/123 200 67ms
2025-10-24 17:59:37 - PUT /api/users/123 200 67ms
2025-10-24 17:59:37 - PUT /api/users/123 200 67ms
2025-10-24 17:59:37 - DELETE /api/sessions 200 89ms
2025-10-24 17:59:38 - DELETE /api/sessions 200 89ms
2025-10-24 17:59:38 - GET /api/products 200 23ms
2025-10-24 17:59:38 - POST /api/orders 201 156ms
2025-10-24 17:59:38 - FATAL: Kernel panic - not syncing
2025-10-24 17:59:38 - GET /api/health 200 12ms
2025-10-24 17:59:38 - POST /api/orders 201 156ms
2025-10-24 17:59:38 - POST /api/login 200 120ms
2025-10-24 17:59:38 - GET /api/users 200 45ms
2025-10-24 17:59:38 - PUT /api/users/123 200 67ms
2025-10-24 17:59:38 - GET /api/health 200 12ms
2025-10-24 17:59:39 - GET /api/products 200 23ms
2025-10-24 17:59:39 - PUT /api/users/123 200 67ms
2025-10-24 17:59:39 - DELETE /api/sessions 200 89ms
2025-10-24 17:59:39 - POST /api/login 200 120ms
2025-10-24 17:59:39 - Memory leak detected: Heap usage at 95%
2025-10-24 17:59:39 - POST /api/orders 201 156ms
2025-10-24 17:59:39 - DELETE /api/sessions 200 89ms
2025-10-24 17:59:39 - GET /api/users 200 45ms
2025-10-24 17:59:39 - GET /api/health 200 12ms
2025-10-24 17:59:39 - GET /api/health 200 12ms
2025-10-24 17:59:40 - PUT /api/users/123 200 67ms
2025-10-24 17:59:40 - POST /api/login 200 120ms
2025-10-24 17:59:40 - POST /api/login 200 120ms
2025-10-24 17:59:40 - POST /api/orders 201 156ms
2025-10-24 17:59:40 - GET /api/health 200 12ms
2025-10-24 17:59:40 - GET /api/users 200 45ms
2025-10-24 17:59:40 - DELETE /api/sessions 200 89ms
2025-10-24 17:59:40 - POST /api/orders 201 156ms
2025-10-24 17:59:40 - POST /api/login 200 120ms
2025-10-24 17:59:40 - POST /api/orders 201 156ms
2025-10-24 17:59:41 - POST /api/login 200 120ms
2025-10-24 17:59:41 - DELETE /api/sessions 200 89ms
2025-10-24 17:59:41 - GET /api/health 200 12ms
2025-10-24 17:59:41 - DELETE /api/sessions 200 89ms
2025-10-24 17:59:41 - GET /api/users 200 45ms
2025-10-24 17:59:41 - DELETE /api/sessions 200 89ms
2025-10-24 17:59:41 - GET /api/users 200 45ms
2025-10-24 17:59:41 - POST /api/login 200 120ms
2025-10-24 17:59:41 - POST /api/orders 201 156ms
2025-10-24 17:59:41 - DELETE /api/sessions 200 89ms
2025-10-24 17:59:42 - GET /api/products 200 23ms
2025-10-24 17:59:42 - GET /api/health 200 12ms
2025-10-24 17:59:42 - GET /api/health 200 12ms
2025-10-24 17:59:42 - GET /api/users 200 45ms
2025-10-24 17:59:42 - GET /api/users 200 45ms
2025-10-24 17:59:42 - PUT /api/users/123 200 67ms
2025-10-24 17:59:42 - POST /api/login 200 120ms
2025-10-24 17:59:42 - GET /api/products 200 23ms
2025-10-24 17:59:42 - PUT /api/users/123 200 67ms
2025-10-24 17:59:42 - GET /api/health 200 12ms
2025-10-24 17:59:43 - GET /api/health 200 12ms
2025-10-24 17:59:43 - GET /api/users 200 45ms
2025-10-24 17:59:43 - PUT /api/users/123 200 67ms
2025-10-24 17:59:43 - DELETE /api/sessions 200 89ms
2025-10-24 17:59:43 - POST /api/login 200 120ms
2025-10-24 17:59:43 - GET /api/health 200 12ms
2025-10-24 17:59:43 - GET /api/products 200 23ms
2025-10-24 17:59:43 - POST /api/orders 201 156ms
2025-10-24 17:59:43 - POST /api/orders 201 156ms
2025-10-24 17:59:43 - GET /api/health 200 12ms
2025-10-24 17:59:44 - GET /api/products 200 23ms
2025-10-24 17:59:44 - GET /api/users 200 45ms
2025-10-24 17:59:44 - PUT /api/users/123 200 67ms
2025-10-24 17:59:44 - GET /api/products 200 23ms
2025-10-24 17:59:44 - GET /api/health 200 12ms
2025-10-24 17:59:44 - DELETE /api/sessions 200 89ms
2025-10-24 17:59:44 - PUT /api/users/123 200 67ms
2025-10-24 17:59:44 - GET /api/users 200 45ms
2025-10-24 17:59:44 - GET /api/users 200 45ms
2025-10-24 17:59:44 - POST /api/orders 201 156ms
2025-10-24 17:59:45 - POST /api/orders 201 156ms
2025-10-24 17:59:45 - POST /api/login 200 120ms
2025-10-24 17:59:45 - FATAL: Kernel panic - not syncing
2025-10-24 17:59:45 - GET /api/users 200 45ms
2025-10-24 17:59:45 - PUT /api/users/123 200 67ms
2025-10-24 17:59:45 - CRITICAL: Database connection pool exhausted
2025-10-24 17:59:45 - GET /api/users 200 45ms
2025-10-24 17:59:45 - PUT /api/users/123 200 67ms
2025-10-24 17:59:45 - POST /api/orders 201 156ms
2025-10-24 17:59:45 - POST /api/login 200 120ms
2025-10-24 17:59:46 - POST /api/login 200 120ms
2025-10-24 17:59:46 - GET /api/users 200 45ms
2025-10-24 17:59:46 - GET /api/products 200 23ms
2025-10-24 17:59:46 - POST /api/orders 201 156ms
2025-10-24 17:59:46 - POST /api/orders 201 156ms
2025-10-24 17:59:46 - GET /api/products 200 23ms
2025-10-24 17:59:46 - POST /api/orders 201 156ms
2025-10-24 17:59:46 - Unusual query pattern: SELECT * FROM users WHERE 1=1
2025-10-24 17:59:46 - ERROR: Payment gateway timeout after 30s
2025-10-24 17:59:46 - GET /api/health 200 12ms
2025-10-24 17:59:47 - GET /api/users 200 45ms
2025-10-24 17:59:47 - GET /api/health 200 12ms
2025-10-24 17:59:47 - GET /api/users 200 45ms
2025-10-24 17:59:47 - POST /api/orders 201 156ms
2025-10-24 17:59:47 - GET /api/products 200 23ms
2025-10-24 17:59:47 - PUT /api/users/123 200 67ms
2025-10-24 17:59:47 - GET /api/users 200 45ms
2025-10-24 17:59:47 - GET /api/products 200 23ms
2025-10-24 17:59:47 - GET /api/products 200 23ms
2025-10-24 17:59:47 - POST /api/orders 201 156ms
2025-10-24 17:59:48 - POST /api/login 200 120ms
2025-10-24 17:59:48 - POST /api/orders 201 156ms
2025-10-24 17:59:48 - POST /api/login 200 120ms
2025-10-24 17:59:48 - PUT /api/users/123 200 67ms
2025-10-24 17:59:48 - GET /api/products 200 23ms
2025-10-24 17:59:48 - DELETE /api/sessions 200 89ms
2025-10-24 17:59:48 - POST /api/login 200 120ms
2025-10-24 17:59:48 - POST /api/orders 201 156ms
2025-10-24 17:59:48 - GET /api/users 200 45ms
2025-10-24 17:59:48 - PUT /api/users/123 200 67ms
2025-10-24 17:59:49 - POST /api/orders 201 156ms
2025-10-24 17:59:49 - POST /api/login 200 120ms
2025-10-24 17:59:49 - PUT /api/users/123 200 67ms
2025-10-24 17:59:49 - Unusual query pattern: SELECT * FROM users WHERE 1=1
2025-10-24 17:59:49 - PUT /api/users/123 200 67ms
2025-10-24 17:59:49 - PUT /api/users/123 200 67ms
2025-10-24 17:59:49 - GET /api/users 200 45ms
2025-10-24 17:59:49 - POST /api/login 200 120ms
2025-10-24 17:59:49 - GET /api/health 200 12ms
2025-10-24 17:59:49 - DELETE /api/sessions 200 89ms
2025-10-24 17:59:50 - POST /api/login 200 120ms
2025-10-24 17:59:50 - POST /api/login 200 120ms
2025-10-24 17:59:50 - PUT /api/users/123 200 67ms
2025-10-24 17:59:50 - GET /api/health 200 12ms
2025-10-24 17:59:50 - GET /api/health 200 12ms
2025-10-24 17:59:50 - GET /api/users 200 45ms
2025-10-24 17:59:50 - GET /api/users 200 45ms
2025-10-24 17:59:50 - GET /api/users 200 45ms
2025-10-24 17:59:50 - POST /api/orders 201 156ms
2025-10-24 17:59:51 - GET /api/users 200 45ms
2025-10-24 17:59:51 - GET /api/users 200 45ms
2025-10-24 17:59:51 - GET /api/users 200 45ms
2025-10-24 17:59:51 - GET /api/products 200 23ms
2025-10-24 17:59:51 - GET /api/health 200 12ms
2025-10-24 17:59:51 - GET /api/health 200 12ms
2025-10-24 17:59:51 - PUT /api/users/123 200 67ms
2025-10-24 17:59:51 - GET /api/health 200 12ms
2025-10-24 17:59:51 - POST /api/login 200 120ms
2025-10-24 17:59:51 - POST /api/login 200 120ms
2025-10-24 17:59:52 - GET /api/products 200 23ms
2025-10-24 17:59:52 - DELETE /api/sessions 200 89ms
2025-10-24 17:59:52 - GET /api/users 200 45ms
2025-10-24 17:59:52 - GET /api/users 200 45ms
2025-10-24 17:59:52 - GET /api/health 200 12ms
2025-10-24 17:59:52 - GET /api/users 200 45ms
2025-10-24 17:59:52 - GET /api/users 200 45ms
2025-10-24 17:59:52 - GET /api/health 200 12ms
2025-10-24 17:59:52 - POST /api/login 200 120ms
2025-10-24 17:59:52 - GET /api/health 200 12ms
2025-10-24 17:59:53 - GET /api/health 200 12ms
2025-10-24 17:59:53 - DELETE /api/sessions 200 89ms
2025-10-24 17:59:53 - POST /api/orders 201 156ms
2025-10-24 17:59:53 - POST /api/orders 201 156ms
2025-10-24 17:59:53 - GET /api/health 200 12ms
2025-10-24 17:59:53 - GET /api/products 200 23ms
2025-10-24 17:59:53 - POST /api/orders 201 156ms
2025-10-24 17:59:53 - POST /api/orders 201 156ms
2025-10-24 17:59:53 - GET /api/products 200 23ms
2025-10-24 17:59:53 - GET /api/health 200 12ms
2025-10-24 17:59:54 - GET /api/products 200 23ms
2025-10-24 17:59:54 - POST /api/login 200 120ms
2025-10-24 17:59:54 - DELETE /api/sessions 200 89ms
2025-10-24 17:59:54 - POST /api/login 200 120ms
2025-10-24 17:59:54 - POST /api/login 200 120ms
2025-10-24 17:59:54 - PUT /api/users/123 200 67ms
2025-10-24 17:59:54 - GET /api/products 200 23ms
2025-10-24 17:59:54 - GET /api/users 200 45ms
2025-10-24 17:59:54 - POST /api/login 200 120ms
2025-10-24 17:59:54 - DELETE /api/sessions 200 89ms
2025-10-24 17:59:55 - PUT /api/users/123 200 67ms
2025-10-24 17:59:55 - GET /api/users 200 45ms
2025-10-24 17:59:55 - PUT /api/users/123 200 67ms
2025-10-24 17:59:55 - PUT /api/users/123 200 67ms
2025-10-24 17:59:55 - DELETE /api/sessions 200 89ms
2025-10-24 17:59:55 - GET /api/users 200 45ms
2025-10-24 17:59:55 - PUT /api/users/123 200 67ms
2025-10-24 17:59:55 - ALERT: Cross-site scripting attempt detected
2025-10-24 17:59:55 - GET /api/products 200 23ms
2025-10-24 17:59:55 - GET /api/products 200 23ms
2025-10-24 17:59:56 - POST /api/login 200 120ms
2025-10-24 17:59:56 - GET /api/users 200 45ms
2025-10-24 17:59:56 - PUT /api/users/123 200 67ms
2025-10-24 17:59:56 - ALERT: Cross-site scripting attempt detected
2025-10-24 17:59:56 - DELETE /api/sessions 200 89ms
2025-10-24 17:59:56 - DELETE /api/sessions 200 89ms
2025-10-24 17:59:56 - GET /api/products 200 23ms
2025-10-24 17:59:56 - GET /api/users 200 45ms
2025-10-24 17:59:56 - GET /api/users 200 45ms
2025-10-24 17:59:56 - GET /api/health 200 12ms
2025-10-24 17:59:57 - SECURITY ALERT: Multiple failed login attempts from IP 192.168.1.100
2025-10-24 17:59:57 - GET /api/users 200 45ms
2025-10-24 17:59:57 - GET /api/users 200 45ms
2025-10-24 17:59:57 - POST /api/login 200 120ms
2025-10-24 17:59:57 - GET /api/health 200 12ms
2025-10-24 17:59:57 - PUT /api/users/123 200 67ms
2025-10-24 17:59:57 - DELETE /api/sessions 200 89ms
2025-10-24 17:59:57 - DELETE /api/sessions 200 89ms
2025-10-24 17:59:57 - POST /api/orders 201 156ms
2025-10-24 17:59:57 - ERROR: Payment gateway timeout after 30s
2025-10-24 17:59:58 - POST /api/orders 201 156ms
2025-10-24 17:59:58 - POST /api/orders 201 156ms
2025-10-24 17:59:58 - Memory leak detected: Heap usage at 95%
2025-10-24 17:59:58 - GET /api/health 200 12ms
2025-10-24 17:59:58 - DELETE /api/sessions 200 89ms
2025-10-24 17:59:58 - GET /api/health 200 12ms
2025-10-24 17:59:58 - DELETE /api/sessions 200 89ms
2025-10-24 17:59:58 - DELETE /api/sessions 200 89ms
2025-10-24 17:59:58 - DELETE /api/sessions 200 89ms
2025-10-24 17:59:58 - GET /api/products 200 23ms
2025-10-24 17:59:59 - GET /api/products 200 23ms
2025-10-24 17:59:59 - GET /api/products 200 23ms
2025-10-24 17:59:59 - DELETE /api/sessions 200 89ms
2025-10-24 17:59:59 - POST /api/orders 201 156ms
2025-10-24 17:59:59 - PUT /api/users/123 200 67ms
2025-10-24 17:59:59 - GET /api/products 200 23ms
2025-10-24 17:59:59 - GET /api/health 200 12ms
2025-10-24 17:59:59 - GET /api/users 200 45ms
2025-10-24 17:59:59 - GET /api/products 200 23ms
2025-10-24 17:59:59 - GET /api/users 200 45ms
2025-10-24 18:00:00 - PUT /api/users/123 200 67ms
2025-10-24 18:00:00 - POST /api/login 200 120ms
2025-10-24 18:00:00 - GET /api/users 200 45ms
2025-10-24 18:00:00 - GET /api/health 200 12ms
2025-10-24 18:00:00 - DELETE /api/sessions 200 89ms
2025-10-24 18:00:00 - POST /api/orders 201 156ms
2025-10-24 18:00:00 - POST /api/login 200 120ms
2025-10-24 18:00:00 - DELETE /api/sessions 200 89ms
2025-10-24 18:00:00 - GET /api/health 200 12ms
2025-10-24 18:00:00 - POST /api/login 200 120ms
2025-10-24 18:00:01 - POST /api/login 200 120ms
2025-10-24 18:00:01 - GET /api/users 200 45ms
2025-10-24 18:00:01 - POST /api/orders 201 156ms
2025-10-24 18:00:01 - GET /api/products 200 23ms
2025-10-24 18:00:01 - PUT /api/users/123 200 67ms
2025-10-24 18:00:01 - DELETE /api/sessions 200 89ms
2025-10-24 18:00:01 - POST /api/orders 201 156ms
2025-10-24 18:00:01 - PUT /api/users/123 200 67ms
2025-10-24 18:00:01 - POST /api/login 200 120ms
2025-10-24 18:00:01 - POST /api/login 200 120ms
2025-10-24 18:00:02 - GET /api/products 200 23ms
2025-10-24 18:00:02 - FATAL: Kernel panic - not syncing
2025-10-24 18:00:02 - PUT /api/users/123 200 67ms
2025-10-24 18:00:02 - GET /api/users 200 45ms
2025-10-24 18:00:02 - ERROR: Payment gateway timeout after 30s
2025-10-24 18:00:02 - GET /api/health 200 12ms
2025-10-24 18:00:02 - PUT /api/users/123 200 67ms
2025-10-24 18:00:02 - POST /api/orders 201 156ms
2025-10-24 18:00:02 - POST /api/orders 201 156ms
2025-10-24 18:00:02 - POST /api/login 200 120ms
2025-10-24 18:00:03 - POST /api/orders 201 156ms
2025-10-24 18:00:03 - POST /api/orders 201 156ms
2025-10-24 18:00:03 - DELETE /api/sessions 200 89ms
2025-10-24 18:00:03 - GET /api/products 200 23ms
2025-10-24 18:00:03 - PUT /api/users/123 200 67ms
2025-10-24 18:00:03 - POST /api/login 200 120ms
2025-10-24 18:00:03 - POST /api/orders 201 156ms
2025-10-24 18:00:03 - PUT /api/users/123 200 67ms
2025-10-24 18:00:03 - GET /api/users 200 45ms
2025-10-24 18:00:03 - PUT /api/users/123 200 67ms
2025-10-24 18:00:04 - POST /api/login 200 120ms
2025-10-24 18:00:06 - POST /api/login 200 120ms
2025-10-24 18:00:06 - GET /api/products 200 23ms
2025-10-24 18:00:06 - POST /api/orders 201 156ms
2025-10-24 18:00:07 - DELETE /api/sessions 200 89ms
2025-10-24 18:00:07 - GET /api/products 200 23ms
2025-10-24 18:00:07 - SECURITY ALERT: Multiple failed login attempts from IP 192.168.1.100
2025-10-24 18:00:07 - POST /api/orders 201 156ms
2025-10-24 18:00:07 - GET /api/health 200 12ms
2025-10-24 18:00:07 - PUT /api/users/123 200 67ms
2025-10-24 18:00:07 - GET /api/products 200 23ms
2025-10-24 18:00:07 - DELETE /api/sessions 200 89ms
2025-10-24 18:00:07 - GET /api/users 200 45ms
2025-10-24 18:00:07 - GET /api/users 200 45ms
2025-10-24 18:00:08 - DELETE /api/sessions 200 89ms
2025-10-24 18:00:08 - GET /api/products 200 23ms
2025-10-24 18:00:08 - PUT /api/users/123 200 67ms
2025-10-24 18:00:08 - GET /api/products 200 23ms
2025-10-24 18:00:08 - POST /api/orders 201 156ms
2025-10-24 18:00:08 - GET /api/health 200 12ms
2025-10-24 18:00:08 - PUT /api/users/123 200 67ms
2025-10-24 18:00:08 - DELETE /api/sessions 200 89ms
2025-10-24 18:00:08 - POST /api/orders 201 156ms
2025-10-24 18:00:08 - GET /api/users 200 45ms
2025-10-24 18:00:09 - DELETE /api/sessions 200 89ms
2025-10-24 18:00:09 - POST /api/login 200 120ms
2025-10-24 18:00:09 - GET /api/users 200 45ms
2025-10-24 18:00:09 - POST /api/orders 201 156ms
2025-10-24 18:00:09 - DELETE /api/sessions 200 89ms
2025-10-24 18:00:10 - POST /api/orders 201 156ms
2025-10-24 18:00:10 - GET /api/products 200 23ms
2025-10-24 18:00:10 - DELETE /api/sessions 200 89ms
2025-10-24 18:00:10 - DELETE /api/sessions 200 89ms
2025-10-24 18:00:10 - GET /api/users 200 45ms
2025-10-24 18:00:10 - GET /api/products 200 23ms
2025-10-24 18:00:10 - PUT /api/users/123 200 67ms
2025-10-24 18:00:10 - POST /api/orders 201 156ms
2025-10-24 18:00:10 - POST /api/orders 201 156ms
2025-10-24 18:00:10 - ERROR: Payment gateway timeout after 30s
2025-10-24 18:00:11 - GET /api/health 200 12ms
2025-10-24 18:00:11 - DELETE /api/sessions 200 89ms
2025-10-24 18:00:11 - PUT /api/users/123 200 67ms
2025-10-24 18:00:11 - GET /api/health 200 12ms
2025-10-24 18:00:11 - DELETE /api/sessions 200 89ms
2025-10-24 18:00:11 - POST /api/login 200 120ms
2025-10-24 18:00:11 - POST /api/orders 201 156ms
2025-10-24 18:00:11 - POST /api/orders 201 156ms
2025-10-24 18:00:11 - POST /api/orders 201 156ms
2025-10-24 18:00:11 - POST /api/login 200 120ms
2025-10-24 18:00:12 - GET /api/products 200 23ms
2025-10-24 18:00:12 - GET /api/users 200 45ms
2025-10-24 18:00:12 - POST /api/orders 201 156ms
2025-10-24 18:00:12 - GET /api/health 200 12ms
2025-10-24 18:00:12 - GET /api/health 200 12ms
2025-10-24 18:00:12 - POST /api/login 200 120ms
2025-10-24 18:00:12 - GET /api/health 200 12ms
2025-10-24 18:00:12 - PUT /api/users/123 200 67ms
2025-10-24 18:00:12 - PUT /api/users/123 200 67ms
2025-10-24 18:00:12 - POST /api/orders 201 156ms
2025-10-24 18:00:13 - POST /api/login 200 120ms
2025-10-24 18:00:13 - GET /api/users 200 45ms
2025-10-24 18:00:13 - GET /api/users 200 45ms
2025-10-24 18:00:13 - DELETE /api/sessions 200 89ms
2025-10-24 18:00:13 - GET /api/health 200 12ms
2025-10-24 18:00:13 - GET /api/products 200 23ms
2025-10-24 18:00:13 - GET /api/health 200 12ms
2025-10-24 18:00:13 - PUT /api/users/123 200 67ms
2025-10-24 18:00:13 - GET /api/users 200 45ms
2025-10-24 18:00:13 - GET /api/users 200 45ms
2025-10-24 18:00:14 - FATAL: Kernel panic - not syncing
2025-10-24 18:00:14 - POST /api/orders 201 156ms
2025-10-24 18:00:14 - GET /api/products 200 23ms
2025-10-24 18:00:14 - DELETE /api/sessions 200 89ms
2025-10-24 18:00:14 - DELETE /api/sessions 200 89ms
2025-10-24 18:00:14 - GET /api/users 200 45ms
2025-10-24 18:00:15 - GET /api/users 200 45ms
2025-10-24 18:00:15 - GET /api/health 200 12ms
2025-10-24 18:00:15 - GET /api/health 200 12ms
2025-10-24 18:00:15 - DELETE /api/sessions 200 89ms
2025-10-24 18:00:15 - DELETE /api/sessions 200 89ms
2025-10-24 18:00:15 - GET /api/products 200 23ms
2025-10-24 18:00:15 - POST /api/login 200 120ms
2025-10-24 18:00:15 - CRITICAL: Database connection pool exhausted
2025-10-24 18:00:15 - POST /api/orders 201 156ms
2025-10-24 18:00:15 - POST /api/login 200 120ms
2025-10-24 18:00:16 - POST /api/orders 201 156ms
2025-10-24 18:00:16 - PUT /api/users/123 200 67ms
2025-10-24 18:00:16 - POST /api/orders 201 156ms
2025-10-24 18:00:16 - POST /api/login 200 120ms
2025-10-24 18:00:16 - CRITICAL: Database connection pool exhausted
2025-10-24 18:00:16 - CRITICAL: Database connection pool exhausted
2025-10-24 18:00:16 - PUT /api/users/123 200 67ms
2025-10-24 18:00:16 - GET /api/health 200 12ms
2025-10-24 18:00:16 - POST /api/orders 201 156ms
2025-10-24 18:00:16 - POST /api/orders 201 156ms
2025-10-24 18:00:17 - GET /api/users 200 45ms
2025-10-24 18:00:17 - POST /api/login 200 120ms
2025-10-24 18:00:17 - PUT /api/users/123 200 67ms
2025-10-24 18:00:17 - GET /api/users 200 45ms
2025-10-24 18:00:17 - PUT /api/users/123 200 67ms
2025-10-24 18:00:17 - FATAL: Kernel panic - not syncing
2025-10-24 18:00:17 - GET /api/products 200 23ms
2025-10-24 18:00:17 - GET /api/health 200 12ms
2025-10-24 18:00:17 - GET /api/health 200 12ms
2025-10-24 18:00:17 - PUT /api/users/123 200 67ms
2025-10-24 18:00:18 - PUT /api/users/123 200 67ms
2025-10-24 18:00:18 - ERROR: Payment gateway timeout after 30s
2025-10-24 18:00:18 - POST /api/orders 201 156ms
2025-10-24 18:00:18 - GET /api/health 200 12ms
2025-10-24 18:00:18 - GET /api/users 200 45ms
2025-10-24 18:00:18 - DELETE /api/sessions 200 89ms
2025-10-24 18:00:18 - DELETE /api/sessions 200 89ms
2025-10-24 18:00:18 - GET /api/products 200 23ms
2025-10-24 18:00:18 - DELETE /api/sessions 200 89ms
2025-10-24 18:00:18 - PUT /api/users/123 200 67ms
2025-10-24 18:00:19 - POST /api/login 200 120ms
2025-10-24 18:00:19 - PUT /api/users/123 200 67ms
2025-10-24 18:00:19 - GET /api/users 200 45ms
2025-10-24 18:00:19 - GET /api/users 200 45ms
2025-10-24 18:00:19 - POST /api/login 200 120ms
2025-10-24 18:00:19 - GET /api/users 200 45ms
2025-10-24 18:00:19 - POST /api/login 200 120ms
2025-10-24 18:00:21 - GET /api/users 200 45ms
2025-10-24 18:00:21 - GET /api/health 200 12ms
2025-10-24 18:00:21 - PUT /api/users/123 200 67ms
2025-10-24 18:00:22 - GET /api/users 200 45ms
2025-10-24 18:00:22 - DELETE /api/sessions 200 89ms
2025-10-24 18:00:22 - PUT /api/users/123 200 67ms
2025-10-24 18:00:22 - CRITICAL: Database connection pool exhausted
2025-10-24 18:00:22 - PUT /api/users/123 200 67ms
2025-10-24 18:00:22 - DELETE /api/sessions 200 89ms
2025-10-24 18:00:22 - GET /api/health 200 12ms
2025-10-24 18:00:22 - POST /api/orders 201 156ms
2025-10-24 18:00:22 - POST /api/orders 201 156ms
2025-10-24 18:00:22 - PUT /api/users/123 200 67ms
2025-10-24 18:00:23 - FATAL: Kernel panic - not syncing
2025-10-24 18:00:23 - POST /api/login 200 120ms
2025-10-24 18:00:23 - CRITICAL: Database connection pool exhausted
2025-10-24 18:00:23 - PUT /api/users/123 200 67ms
2025-10-24 18:00:23 - POST /api/login 200 120ms
2025-10-24 18:00:23 - GET /api/users 200 45ms
2025-10-24 18:00:23 - GET /api/products 200 23ms
2025-10-24 18:00:23 - GET /api/health 200 12ms
2025-10-24 18:00:23 - GET /api/users 200 45ms
2025-10-24 18:00:23 - GET /api/products 200 23ms
2025-10-24 18:00:24 - PUT /api/users/123 200 67ms
2025-10-24 18:00:24 - POST /api/orders 201 156ms
2025-10-24 18:00:24 - POST /api/login 200 120ms
2025-10-24 18:00:24 - GET /api/users 200 45ms
2025-10-24 18:00:24 - ERROR: Payment gateway timeout after 30s
2025-10-24 18:00:24 - DELETE /api/sessions 200 89ms
2025-10-24 18:00:24 - PUT /api/users/123 200 67ms
2025-10-24 18:00:24 - GET /api/users 200 45ms
2025-10-24 18:00:24 - GET /api/users 200 45ms
2025-10-24 18:00:24 - PUT /api/users/123 200 67ms
2025-10-24 18:00:25 - POST /api/orders 201 156ms
2025-10-24 18:00:25 - GET /api/products 200 23ms
2025-10-24 18:00:25 - GET /api/users 200 45ms
2025-10-24 18:00:25 - POST /api/login 200 120ms
2025-10-24 18:00:25 - GET /api/health 200 12ms
2025-10-24 18:00:25 - GET /api/products 200 23ms
2025-10-24 18:00:25 - GET /api/health 200 12ms
2025-10-24 18:00:25 - CRITICAL: Database connection pool exhausted
2025-10-24 18:00:25 - GET /api/products 200 23ms
2025-10-24 18:00:25 - DELETE /api/sessions 200 89ms
2025-10-24 18:00:26 - GET /api/health 200 12ms
2025-10-24 18:00:26 - PUT /api/users/123 200 67ms
2025-10-24 18:00:26 - GET /api/users 200 45ms
2025-10-24 18:00:26 - GET /api/products 200 23ms
2025-10-24 18:00:26 - GET /api/users 200 45ms
2025-10-24 18:00:26 - GET /api/users 200 45ms
2025-10-24 18:00:26 - DELETE /api/sessions 200 89ms
2025-10-24 18:00:26 - GET /api/products 200 23ms
2025-10-24 18:00:26 - POST /api/login 200 120ms
2025-10-24 18:00:26 - GET /api/health 200 12ms
